2026-09-07 20:56:41,378 INFO script=/home/lab404/ZJX/Nero_L20/teleop_nero_tracker.py python=/home/lab404/anaconda3/envs/nero/bin/python CAN=socketcan/can0 speed=10%
Found 2 Tracking References
  tracking_reference_1 (LHB-B6B1BC53, Mode HTC V2-XD/XE, HTC V2-XD/XE)
  tracking_reference_2 (LHB-9D7408DF, Mode HTC V2-XD/XE, HTC V2-XD/XE)
Found 1 HMD
  hmd_1 (Null Serial Number, Null Model Number)
Found 0 Controllers
Found 1 Tracker
  tracker_1 (LHR-EFD64784, VIVE Tracker 3.0 MV)
2026-09-07 20:56:41,709 INFO driver=pyAgxArm.protocols.can_protocol.drivers.nero.versions.v111.driver
2026-09-07 20:56:41,746 INFO Created a socket
2026-09-07 20:56:42,248 INFO before_enable={'status': {'ctrl_mode': 1, 'arm_status': 1, 'mode_feedback': 0, 'teach_status': 0, 'motion_status': 1, 'trajectory_num': 0, 'err_status': {'joint_1_angle_limit': False, 'joint_2_angle_limit': False, 'joint_3_angle_limit': False, 'joint_4_angle_limit': False, 'joint_5_angle_limit': False, 'joint_6_angle_limit': False, 'joint_7_angle_limit': False, 'communication_status_joint_1': False, 'communication_status_joint_2': False, 'communication_status_joint_3': False, 'communication_status_joint_4': False, 'communication_status_joint_5': False, 'communication_status_joint_6': False, 'communication_status_joint_7': False}}, 'enabled': [True, True, True, True, True, True, True], 'joints_rad': [-0.358, 1.83, -0.08700000000000001, -0.17, 0.009000000000000001, -0.018000000000000002, -0.226], 'flange_m_rad': [-0.541299, 0.17307899999999998, 0.032691, -1.6452695259774945, -0.1346870583764024, 2.8330708017147557]}
2026-09-07 20:56:42,248 INFO after_enable={'status': {'ctrl_mode': 1, 'arm_status': 1, 'mode_feedback': 0, 'teach_status': 0, 'motion_status': 1, 'trajectory_num': 0, 'err_status': {'joint_1_angle_limit': False, 'joint_2_angle_limit': False, 'joint_3_angle_limit': False, 'joint_4_angle_limit': False, 'joint_5_angle_limit': False, 'joint_6_angle_limit': False, 'joint_7_angle_limit': False, 'communication_status_joint_1': False, 'communication_status_joint_2': False, 'communication_status_joint_3': False, 'communication_status_joint_4': False, 'communication_status_joint_5': False, 'communication_status_joint_6': False, 'communication_status_joint_7': False}}, 'enabled': [True, True, True, True, True, True, True], 'joints_rad': [-0.358, 1.83, -0.08700000000000001, -0.17, 0.009000000000000001, -0.018000000000000002, -0.226], 'flange_m_rad': [-0.541299, 0.17307899999999998, 0.032691, -1.6452695259774945, -0.1346870583764024, 2.8330708017147557]}
2026-09-07 20:56:42,259 INFO after_normal_mode={'status': {'ctrl_mode': 1, 'arm_status': 1, 'mode_feedback': 0, 'teach_status': 0, 'motion_status': 1, 'trajectory_num': 0, 'err_status': {'joint_1_angle_limit': False, 'joint_2_angle_limit': False, 'joint_3_angle_limit': False, 'joint_4_angle_limit': False, 'joint_5_angle_limit': False, 'joint_6_angle_limit': False, 'joint_7_angle_limit': False, 'communication_status_joint_1': False, 'communication_status_joint_2': False, 'communication_status_joint_3': False, 'communication_status_joint_4': False, 'communication_status_joint_5': False, 'communication_status_joint_6': False, 'communication_status_joint_7': False}}, 'enabled': [True, True, True, True, True, True, True], 'joints_rad': [-0.358, 1.83, -0.08700000000000001, -0.17, 0.009000000000000001, -0.018000000000000002, -0.226], 'flange_m_rad': [-0.541299, 0.17307899999999998, 0.032691, -1.6452695259774945, -0.1346870583764024, 2.8330708017147557]}
2026-09-07 20:56:42,259 ERROR 故障 phase=normal_mode sent=0 last_target=None feedback_before_stop={'status': {'ctrl_mode': 1, 'arm_status': 1, 'mode_feedback': 0, 'teach_status': 0, 'motion_status': 1, 'trajectory_num': 0, 'err_status': {'joint_1_angle_limit': False, 'joint_2_angle_limit': False, 'joint_3_angle_limit': False, 'joint_4_angle_limit': False, 'joint_5_angle_limit': False, 'joint_6_angle_limit': False, 'joint_7_angle_limit': False, 'communication_status_joint_1': False, 'communication_status_joint_2': False, 'communication_status_joint_3': False, 'communication_status_joint_4': False, 'communication_status_joint_5': False, 'communication_status_joint_6': False, 'communication_status_joint_7': False}}, 'enabled': [True, True, True, True, True, True, True], 'joints_rad': [-0.358, 1.83, -0.08700000000000001, -0.17, 0.009000000000000001, -0.018000000000000002, -0.226], 'flange_m_rad': [-0.541299, 0.17307899999999998, 0.032691, -1.6452695259774945, -0.1346870583764024, 2.8330708017147557]}
Traceback (most recent call last):
  File "/home/lab404/ZJX/Nero_L20/teleop_nero_tracker.py", line 153, in main
    check_ready(arm)
  File "/home/lab404/ZJX/Nero_L20/teleop_nero_tracker.py", line 57, in check_ready
    raise RuntimeError(f'禁止发送目标: status={status}, enabled={enabled}')
RuntimeError: 禁止发送目标: status={'ctrl_mode': 1, 'arm_status': 1, 'mode_feedback': 0, 'teach_status': 0, 'motion_status': 1, 'trajectory_num': 0, 'err_status': {'joint_1_angle_limit': False, 'joint_2_angle_limit': False, 'joint_3_angle_limit': False, 'joint_4_angle_limit': False, 'joint_5_angle_limit': False, 'joint_6_angle_limit': False, 'joint_7_angle_limit': False, 'communication_status_joint_1': False, 'communication_status_joint_2': False, 'communication_status_joint_3': False, 'communication_status_joint_4': False, 'communication_status_joint_5': False, 'communication_status_joint_6': False, 'communication_status_joint_7': False}}, enabled=[True, True, True, True, True, True, True]
Traceback (most recent call last):
  File "/home/lab404/ZJX/Nero_L20/teleop_nero_tracker.py", line 251, in <module>
    main()
  File "/home/lab404/ZJX/Nero_L20/teleop_nero_tracker.py", line 153, in main
    check_ready(arm)
  File "/home/lab404/ZJX/Nero_L20/teleop_nero_tracker.py", line 57, in check_ready
    raise RuntimeError(f'禁止发送目标: status={status}, enabled={enabled}')
RuntimeError: 禁止发送目标: status={'ctrl_mode': 1, 'arm_status': 1, 'mode_feedback': 0, 'teach_status': 0, 'motion_status': 1, 'trajectory_num': 0, 'err_status': {'joint_1_angle_limit': False, 'joint_2_angle_limit': False, 'joint_3_angle_limit': False, 'joint_4_angle_limit': False, 'joint_5_angle_limit': False, 'joint_6_angle_limit': False, 'joint_7_angle_limit': False, 'communication_status_joint_1': False, 'communication_status_joint_2': False, 'communication_status_joint_3': False, 'communication_status_joint_4': False, 'communication_status_joint_5': False, 'communication_status_joint_6': False, 'communication_status_joint_7': False}}, enabled=[True, True, True, True, True, True, True]
